Analysis & Synthesis report for top_level
Wed Jul 01 09:56:07 2026
Quartus II 32-bit Version 13.0.1 Build 232 06/12/2013 Service Pack 1 SJ Web Edition


---------------------
; Table of Contents ;
---------------------
  1. Legal Notice
  2. Analysis & Synthesis Summary
  3. Analysis & Synthesis Settings
  4. Parallel Compilation
  5. Analysis & Synthesis Source Files Read
  6. Analysis & Synthesis Resource Usage Summary
  7. Analysis & Synthesis Resource Utilization by Entity
  8. State Machine - |top_level|mef:U_CONTROLE|estado_atual
  9. Registers Removed During Synthesis
 10. General Register Statistics
 11. Inverted Register Statistics
 12. Multiplexer Restructuring Statistics (Restructuring Performed)
 13. Parameter Settings for User Entity Instance: debounce:U_FILTRO1
 14. Parameter Settings for User Entity Instance: debounce:U_FILTRO2
 15. Parameter Settings for User Entity Instance: debounce:U_FILTRO3
 16. Parameter Settings for User Entity Instance: led_timer:U_LED_LIBERAR
 17. Parameter Settings for User Entity Instance: led_timer:U_LED_TROCO
 18. Parameter Settings for User Entity Instance: led_timer:U_LED_DEVOLVER
 19. Parameter Settings for User Entity Instance: led_timer:U_LED_SEM_ESTOQUE
 20. Parameter Settings for Inferred Entity Instance: display_7seg:U_DISP|lpm_divide:Div0
 21. Parameter Settings for Inferred Entity Instance: display_7seg:U_DISP|lpm_divide:Mod0
 22. Parameter Settings for Inferred Entity Instance: display_7seg:U_DISP|lpm_divide:Div1
 23. Parameter Settings for Inferred Entity Instance: display_7seg:U_DISP|lpm_divide:Mod1
 24. Port Connectivity Checks: "datapath:U_BLOCO_DADOS"
 25. Elapsed Time Per Partition
 26. Analysis & Synthesis Messages



----------------
; Legal Notice ;
----------------
Copyright (C) 1991-2013 Altera Corporation
Your use of Altera Corporation's design tools, logic functions 
and other software and tools, and its AMPP partner logic 
functions, and any output files from any of the foregoing 
(including device programming or simulation files), and any 
associated documentation or information are expressly subject 
to the terms and conditions of the Altera Program License 
Subscription Agreement, Altera MegaCore Function License 
Agreement, or other applicable license agreement, including, 
without limitation, that your use is for the sole purpose of 
programming logic devices manufactured by Altera and sold by 
Altera or its authorized distributors.  Please refer to the 
applicable agreement for further details.



+--------------------------------------------------------------------------------------+
; Analysis & Synthesis Summary                                                         ;
+------------------------------------+-------------------------------------------------+
; Analysis & Synthesis Status        ; Successful - Wed Jul 01 09:56:07 2026           ;
; Quartus II 32-bit Version          ; 13.0.1 Build 232 06/12/2013 SP 1 SJ Web Edition ;
; Revision Name                      ; top_level                                       ;
; Top-level Entity Name              ; top_level                                       ;
; Family                             ; Cyclone II                                      ;
; Total logic elements               ; 818                                             ;
;     Total combinational functions  ; 815                                             ;
;     Dedicated logic registers      ; 220                                             ;
; Total registers                    ; 220                                             ;
; Total pins                         ; 36                                              ;
; Total virtual pins                 ; 0                                               ;
; Total memory bits                  ; 0                                               ;
; Embedded Multiplier 9-bit elements ; 0                                               ;
; Total PLLs                         ; 0                                               ;
+------------------------------------+-------------------------------------------------+


+----------------------------------------------------------------------------------------------------------------------+
; Analysis & Synthesis Settings                                                                                        ;
+----------------------------------------------------------------------------+--------------------+--------------------+
; Option                                                                     ; Setting            ; Default Value      ;
+----------------------------------------------------------------------------+--------------------+--------------------+
; Device                                                                     ; EP2C20F484C7       ;                    ;
; Top-level entity name                                                      ; top_level          ; top_level          ;
; Family name                                                                ; Cyclone II         ; Cyclone IV GX      ;
; Use smart compilation                                                      ; Off                ; Off                ;
; Enable parallel Assembler and TimeQuest Timing Analyzer during compilation ; On                 ; On                 ;
; Enable compact report table                                                ; Off                ; Off                ;
; Restructure Multiplexers                                                   ; Auto               ; Auto               ;
; Create Debugging Nodes for IP Cores                                        ; Off                ; Off                ;
; Preserve fewer node names                                                  ; On                 ; On                 ;
; Disable OpenCore Plus hardware evaluation                                  ; Off                ; Off                ;
; Verilog Version                                                            ; Verilog_2001       ; Verilog_2001       ;
; VHDL Version                                                               ; VHDL_1993          ; VHDL_1993          ;
; State Machine Processing                                                   ; Auto               ; Auto               ;
; Safe State Machine                                                         ; Off                ; Off                ;
; Extract Verilog State Machines                                             ; On                 ; On                 ;
; Extract VHDL State Machines                                                ; On                 ; On                 ;
; Ignore Verilog initial constructs                                          ; Off                ; Off                ;
; Iteration limit for constant Verilog loops                                 ; 5000               ; 5000               ;
; Iteration limit for non-constant Verilog loops                             ; 250                ; 250                ;
; Add Pass-Through Logic to Inferred RAMs                                    ; On                 ; On                 ;
; Infer RAMs from Raw Logic                                                  ; On                 ; On                 ;
; Parallel Synthesis                                                         ; On                 ; On                 ;
; DSP Block Balancing                                                        ; Auto               ; Auto               ;
; NOT Gate Push-Back                                                         ; On                 ; On                 ;
; Power-Up Don't Care                                                        ; On                 ; On                 ;
; Remove Redundant Logic Cells                                               ; Off                ; Off                ;
; Remove Duplicate Registers                                                 ; On                 ; On                 ;
; Ignore CARRY Buffers                                                       ; Off                ; Off                ;
; Ignore CASCADE Buffers                                                     ; Off                ; Off                ;
; Ignore GLOBAL Buffers                                                      ; Off                ; Off                ;
; Ignore ROW GLOBAL Buffers                                                  ; Off                ; Off                ;
; Ignore LCELL Buffers                                                       ; Off                ; Off                ;
; Ignore SOFT Buffers                                                        ; On                 ; On                 ;
; Limit AHDL Integers to 32 Bits                                             ; Off                ; Off                ;
; Optimization Technique                                                     ; Balanced           ; Balanced           ;
; Carry Chain Length                                                         ; 70                 ; 70                 ;
; Auto Carry Chains                                                          ; On                 ; On                 ;
; Auto Open-Drain Pins                                                       ; On                 ; On                 ;
; Perform WYSIWYG Primitive Resynthesis                                      ; Off                ; Off                ;
; Auto ROM Replacement                                                       ; On                 ; On                 ;
; Auto RAM Replacement                                                       ; On                 ; On                 ;
; Auto Shift Register Replacement                                            ; Auto               ; Auto               ;
; Allow Shift Register Merging across Hierarchies                            ; Auto               ; Auto               ;
; Auto Clock Enable Replacement                                              ; On                 ; On                 ;
; Strict RAM Replacement                                                     ; Off                ; Off                ;
; Allow Synchronous Control Signals                                          ; On                 ; On                 ;
; Force Use of Synchronous Clear Signals                                     ; Off                ; Off                ;
; Auto RAM to Logic Cell Conversion                                          ; Off                ; Off                ;
; Auto Resource Sharing                                                      ; Off                ; Off                ;
; Allow Any RAM Size For Recognition                                         ; Off                ; Off                ;
; Allow Any ROM Size For Recognition                                         ; Off                ; Off                ;
; Allow Any Shift Register Size For Recognition                              ; Off                ; Off                ;
; Use LogicLock Constraints during Resource Balancing                        ; On                 ; On                 ;
; Ignore translate_off and synthesis_off directives                          ; Off                ; Off                ;
; Timing-Driven Synthesis                                                    ; Off                ; Off                ;
; Report Parameter Settings                                                  ; On                 ; On                 ;
; Report Source Assignments                                                  ; On                 ; On                 ;
; Report Connectivity Checks                                                 ; On                 ; On                 ;
; Ignore Maximum Fan-Out Assignments                                         ; Off                ; Off                ;
; Synchronization Register Chain Length                                      ; 2                  ; 2                  ;
; PowerPlay Power Optimization                                               ; Normal compilation ; Normal compilation ;
; HDL message level                                                          ; Level2             ; Level2             ;
; Suppress Register Optimization Related Messages                            ; Off                ; Off                ;
; Number of Removed Registers Reported in Synthesis Report                   ; 5000               ; 5000               ;
; Number of Swept Nodes Reported in Synthesis Report                         ; 5000               ; 5000               ;
; Number of Inverted Registers Reported in Synthesis Report                  ; 100                ; 100                ;
; Clock MUX Protection                                                       ; On                 ; On                 ;
; Auto Gated Clock Conversion                                                ; Off                ; Off                ;
; Block Design Naming                                                        ; Auto               ; Auto               ;
; SDC constraint protection                                                  ; Off                ; Off                ;
; Synthesis Effort                                                           ; Auto               ; Auto               ;
; Shift Register Replacement - Allow Asynchronous Clear Signal               ; On                 ; On                 ;
; Pre-Mapping Resynthesis Optimization                                       ; Off                ; Off                ;
; Analysis & Synthesis Message Level                                         ; Medium             ; Medium             ;
; Disable Register Merging Across Hierarchies                                ; Auto               ; Auto               ;
; Resource Aware Inference For Block RAM                                     ; On                 ; On                 ;
; Synthesis Seed                                                             ; 1                  ; 1                  ;
+----------------------------------------------------------------------------+--------------------+--------------------+


Parallel compilation was disabled, but you have multiple processors available. Enable parallel compilation to reduce compilation time.
+-------------------------------------+
; Parallel Compilation                ;
+----------------------------+--------+
; Processors                 ; Number ;
+----------------------------+--------+
; Number detected on machine ; 20     ;
; Maximum allowed            ; 1      ;
+----------------------------+--------+


+---------------------------------------------------------------------------------------------------------------------------------------------------------------------+
; Analysis & Synthesis Source Files Read                                                                                                                              ;
+----------------------------------+-----------------+------------------------------+-----------------------------------------------------------------------+---------+
; File Name with User-Entered Path ; Used in Netlist ; File Type                    ; File Name with Absolute Path                                          ; Library ;
+----------------------------------+-----------------+------------------------------+-----------------------------------------------------------------------+---------+
; /codigos/debounce.vhd            ; yes             ; User VHDL File               ; /codigos/debounce.vhd                                                 ;         ;
; /codigos/datapath.vhd            ; yes             ; User VHDL File               ; /codigos/datapath.vhd                                                 ;         ;
; /codigos/mef.vhd                 ; yes             ; User VHDL File               ; /codigos/mef.vhd                                                      ;         ;
; /codigos/display_7seg.vhd        ; yes             ; User VHDL File               ; /codigos/display_7seg.vhd                                             ;         ;
; /codigos/led_timer.vhd           ; yes             ; User VHDL File               ; /codigos/led_timer.vhd                                                ;         ;
; /codigos/top_level.vhd           ; yes             ; User VHDL File               ; /codigos/top_level.vhd                                                ;         ;
; lpm_divide.tdf                   ; yes             ; Megafunction                 ; c:/altera/13.0sp1/quartus/libraries/megafunctions/lpm_divide.tdf      ;         ;
; abs_divider.inc                  ; yes             ; Megafunction                 ; c:/altera/13.0sp1/quartus/libraries/megafunctions/abs_divider.inc     ;         ;
; sign_div_unsign.inc              ; yes             ; Megafunction                 ; c:/altera/13.0sp1/quartus/libraries/megafunctions/sign_div_unsign.inc ;         ;
; aglobal130.inc                   ; yes             ; Megafunction                 ; c:/altera/13.0sp1/quartus/libraries/megafunctions/aglobal130.inc      ;         ;
; db/lpm_divide_dem.tdf            ; yes             ; Auto-Generated Megafunction  ; Q:/db/lpm_divide_dem.tdf                                              ;         ;
; db/sign_div_unsign_nlh.tdf       ; yes             ; Auto-Generated Megafunction  ; Q:/db/sign_div_unsign_nlh.tdf                                         ;         ;
; db/alt_u_div_g2f.tdf             ; yes             ; Auto-Generated Megafunction  ; Q:/db/alt_u_div_g2f.tdf                                               ;         ;
; db/add_sub_lkc.tdf               ; yes             ; Auto-Generated Megafunction  ; Q:/db/add_sub_lkc.tdf                                                 ;         ;
; db/add_sub_mkc.tdf               ; yes             ; Auto-Generated Megafunction  ; Q:/db/add_sub_mkc.tdf                                                 ;         ;
; db/lpm_divide_q7m.tdf            ; yes             ; Auto-Generated Megafunction  ; Q:/db/lpm_divide_q7m.tdf                                              ;         ;
; db/sign_div_unsign_1nh.tdf       ; yes             ; Auto-Generated Megafunction  ; Q:/db/sign_div_unsign_1nh.tdf                                         ;         ;
; db/alt_u_div_45f.tdf             ; yes             ; Auto-Generated Megafunction  ; Q:/db/alt_u_div_45f.tdf                                               ;         ;
; db/lpm_divide_aem.tdf            ; yes             ; Auto-Generated Megafunction  ; Q:/db/lpm_divide_aem.tdf                                              ;         ;
; db/sign_div_unsign_klh.tdf       ; yes             ; Auto-Generated Megafunction  ; Q:/db/sign_div_unsign_klh.tdf                                         ;         ;
; db/alt_u_div_a2f.tdf             ; yes             ; Auto-Generated Megafunction  ; Q:/db/alt_u_div_a2f.tdf                                               ;         ;
+----------------------------------+-----------------+------------------------------+-----------------------------------------------------------------------+---------+


+------------------------------------------------------+
; Analysis & Synthesis Resource Usage Summary          ;
+---------------------------------------------+--------+
; Resource                                    ; Usage  ;
+---------------------------------------------+--------+
; Estimated Total logic elements              ; 818    ;
;                                             ;        ;
; Total combinational functions               ; 815    ;
; Logic element usage by number of LUT inputs ;        ;
;     -- 4 input functions                    ; 240    ;
;     -- 3 input functions                    ; 212    ;
;     -- <=2 input functions                  ; 363    ;
;                                             ;        ;
; Logic elements by mode                      ;        ;
;     -- normal mode                          ; 511    ;
;     -- arithmetic mode                      ; 304    ;
;                                             ;        ;
; Total registers                             ; 220    ;
;     -- Dedicated logic registers            ; 220    ;
;     -- I/O registers                        ; 0      ;
;                                             ;        ;
; I/O pins                                    ; 36     ;
; Embedded Multiplier 9-bit elements          ; 0      ;
; Maximum fan-out node                        ; clk_50 ;
; Maximum fan-out                             ; 220    ;
; Total fan-out                               ; 3195   ;
; Average fan-out                             ; 2.98   ;
+---------------------------------------------+--------+


+-------------------------------------------------------------------------------------------------------------------------------------------------------------------------------------------------------------------------------------------------------------------------------------------------------+
; Analysis & Synthesis Resource Utilization by Entity                                                                                                                                                                                                                                                   ;
+-------------------------------------------+-------------------+--------------+-------------+--------------+---------+-----------+------+--------------+--------------------------------------------------------------------------------------------------------------------------------+--------------+
; Compilation Hierarchy Node                ; LC Combinationals ; LC Registers ; Memory Bits ; DSP Elements ; DSP 9x9 ; DSP 18x18 ; Pins ; Virtual Pins ; Full Hierarchy Name                                                                                                            ; Library Name ;
+-------------------------------------------+-------------------+--------------+-------------+--------------+---------+-----------+------+--------------+--------------------------------------------------------------------------------------------------------------------------------+--------------+
; |top_level                                ; 815 (1)           ; 220 (0)      ; 0           ; 0            ; 0       ; 0         ; 36   ; 0            ; |top_level                                                                                                                     ; work         ;
;    |datapath:U_BLOCO_DADOS|               ; 102 (102)         ; 36 (36)      ; 0           ; 0            ; 0       ; 0         ; 0    ; 0            ; |top_level|datapath:U_BLOCO_DADOS                                                                                              ; work         ;
;    |debounce:U_FILTRO1|                   ; 27 (27)           ; 21 (21)      ; 0           ; 0            ; 0       ; 0         ; 0    ; 0            ; |top_level|debounce:U_FILTRO1                                                                                                  ; work         ;
;    |debounce:U_FILTRO2|                   ; 27 (27)           ; 21 (21)      ; 0           ; 0            ; 0       ; 0         ; 0    ; 0            ; |top_level|debounce:U_FILTRO2                                                                                                  ; work         ;
;    |debounce:U_FILTRO3|                   ; 27 (27)           ; 21 (21)      ; 0           ; 0            ; 0       ; 0         ; 0    ; 0            ; |top_level|debounce:U_FILTRO3                                                                                                  ; work         ;
;    |display_7seg:U_DISP|                  ; 442 (58)          ; 0 (0)        ; 0           ; 0            ; 0       ; 0         ; 0    ; 0            ; |top_level|display_7seg:U_DISP                                                                                                 ; work         ;
;       |lpm_divide:Div0|                   ; 69 (0)            ; 0 (0)        ; 0           ; 0            ; 0       ; 0         ; 0    ; 0            ; |top_level|display_7seg:U_DISP|lpm_divide:Div0                                                                                 ; work         ;
;          |lpm_divide_dem:auto_generated|  ; 69 (0)            ; 0 (0)        ; 0           ; 0            ; 0       ; 0         ; 0    ; 0            ; |top_level|display_7seg:U_DISP|lpm_divide:Div0|lpm_divide_dem:auto_generated                                                   ; work         ;
;             |sign_div_unsign_nlh:divider| ; 69 (0)            ; 0 (0)        ; 0           ; 0            ; 0       ; 0         ; 0    ; 0            ; |top_level|display_7seg:U_DISP|lpm_divide:Div0|lpm_divide_dem:auto_generated|sign_div_unsign_nlh:divider                       ; work         ;
;                |alt_u_div_g2f:divider|    ; 69 (69)           ; 0 (0)        ; 0           ; 0            ; 0       ; 0         ; 0    ; 0            ; |top_level|display_7seg:U_DISP|lpm_divide:Div0|lpm_divide_dem:auto_generated|sign_div_unsign_nlh:divider|alt_u_div_g2f:divider ; work         ;
;       |lpm_divide:Div1|                   ; 88 (0)            ; 0 (0)        ; 0           ; 0            ; 0       ; 0         ; 0    ; 0            ; |top_level|display_7seg:U_DISP|lpm_divide:Div1                                                                                 ; work         ;
;          |lpm_divide_aem:auto_generated|  ; 88 (0)            ; 0 (0)        ; 0           ; 0            ; 0       ; 0         ; 0    ; 0            ; |top_level|display_7seg:U_DISP|lpm_divide:Div1|lpm_divide_aem:auto_generated                                                   ; work         ;
;             |sign_div_unsign_klh:divider| ; 88 (0)            ; 0 (0)        ; 0           ; 0            ; 0       ; 0         ; 0    ; 0            ; |top_level|display_7seg:U_DISP|lpm_divide:Div1|lpm_divide_aem:auto_generated|sign_div_unsign_klh:divider                       ; work         ;
;                |alt_u_div_a2f:divider|    ; 88 (88)           ; 0 (0)        ; 0           ; 0            ; 0       ; 0         ; 0    ; 0            ; |top_level|display_7seg:U_DISP|lpm_divide:Div1|lpm_divide_aem:auto_generated|sign_div_unsign_klh:divider|alt_u_div_a2f:divider ; work         ;
;       |lpm_divide:Mod0|                   ; 95 (0)            ; 0 (0)        ; 0           ; 0            ; 0       ; 0         ; 0    ; 0            ; |top_level|display_7seg:U_DISP|lpm_divide:Mod0                                                                                 ; work         ;
;          |lpm_divide_q7m:auto_generated|  ; 95 (0)            ; 0 (0)        ; 0           ; 0            ; 0       ; 0         ; 0    ; 0            ; |top_level|display_7seg:U_DISP|lpm_divide:Mod0|lpm_divide_q7m:auto_generated                                                   ; work         ;
;             |sign_div_unsign_1nh:divider| ; 95 (0)            ; 0 (0)        ; 0           ; 0            ; 0       ; 0         ; 0    ; 0            ; |top_level|display_7seg:U_DISP|lpm_divide:Mod0|lpm_divide_q7m:auto_generated|sign_div_unsign_1nh:divider                       ; work         ;
;                |alt_u_div_45f:divider|    ; 95 (95)           ; 0 (0)        ; 0           ; 0            ; 0       ; 0         ; 0    ; 0            ; |top_level|display_7seg:U_DISP|lpm_divide:Mod0|lpm_divide_q7m:auto_generated|sign_div_unsign_1nh:divider|alt_u_div_45f:divider ; work         ;
;       |lpm_divide:Mod1|                   ; 132 (0)           ; 0 (0)        ; 0           ; 0            ; 0       ; 0         ; 0    ; 0            ; |top_level|display_7seg:U_DISP|lpm_divide:Mod1                                                                                 ; work         ;
;          |lpm_divide_q7m:auto_generated|  ; 132 (0)           ; 0 (0)        ; 0           ; 0            ; 0       ; 0         ; 0    ; 0            ; |top_level|display_7seg:U_DISP|lpm_divide:Mod1|lpm_divide_q7m:auto_generated                                                   ; work         ;
;             |sign_div_unsign_1nh:divider| ; 132 (0)           ; 0 (0)        ; 0           ; 0            ; 0       ; 0         ; 0    ; 0            ; |top_level|display_7seg:U_DISP|lpm_divide:Mod1|lpm_divide_q7m:auto_generated|sign_div_unsign_1nh:divider                       ; work         ;
;                |alt_u_div_45f:divider|    ; 132 (132)         ; 0 (0)        ; 0           ; 0            ; 0       ; 0         ; 0    ; 0            ; |top_level|display_7seg:U_DISP|lpm_divide:Mod1|lpm_divide_q7m:auto_generated|sign_div_unsign_1nh:divider|alt_u_div_45f:divider ; work         ;
;    |led_timer:U_LED_DEVOLVER|             ; 66 (66)           ; 29 (29)      ; 0           ; 0            ; 0       ; 0         ; 0    ; 0            ; |top_level|led_timer:U_LED_DEVOLVER                                                                                            ; work         ;
;    |led_timer:U_LED_LIBERAR|              ; 38 (38)           ; 29 (29)      ; 0           ; 0            ; 0       ; 0         ; 0    ; 0            ; |top_level|led_timer:U_LED_LIBERAR                                                                                             ; work         ;
;    |led_timer:U_LED_SEM_ESTOQUE|          ; 38 (38)           ; 29 (29)      ; 0           ; 0            ; 0       ; 0         ; 0    ; 0            ; |top_level|led_timer:U_LED_SEM_ESTOQUE                                                                                         ; work         ;
;    |led_timer:U_LED_TROCO|                ; 39 (39)           ; 29 (29)      ; 0           ; 0            ; 0       ; 0         ; 0    ; 0            ; |top_level|led_timer:U_LED_TROCO                                                                                               ; work         ;
;    |mef:U_CONTROLE|                       ; 8 (8)             ; 5 (5)        ; 0           ; 0            ; 0       ; 0         ; 0    ; 0            ; |top_level|mef:U_CONTROLE                                                                                                      ; work         ;
+-------------------------------------------+-------------------+--------------+-------------+--------------+---------+-----------+------+--------------+--------------------------------------------------------------------------------------------------------------------------------+--------------+
Note: For table entries with two numbers listed, the numbers in parentheses indicate the number of resources of the given type used by the specific entity alone. The numbers listed outside of parentheses indicate the total resources of the given type used by the specific entity and all of its sub-entities in the hierarchy.


Encoding Type:  One-Hot
+---------------------------------------------------------------------------------------------------------------------------------------------------------------------+
; State Machine - |top_level|mef:U_CONTROLE|estado_atual                                                                                                              ;
+------------------------------+---------------------------+------------------------+------------------------------+----------------------------+---------------------+
; Name                         ; estado_atual.ERRO_ESTOQUE ; estado_atual.DEVOLUCAO ; estado_atual.ENTREGA_PRODUTO ; estado_atual.AVALIA_COMPRA ; estado_atual.ESPERA ;
+------------------------------+---------------------------+------------------------+------------------------------+----------------------------+---------------------+
; estado_atual.ESPERA          ; 0                         ; 0                      ; 0                            ; 0                          ; 0                   ;
; estado_atual.AVALIA_COMPRA   ; 0                         ; 0                      ; 0                            ; 1                          ; 1                   ;
; estado_atual.ENTREGA_PRODUTO ; 0                         ; 0                      ; 1                            ; 0                          ; 1                   ;
; estado_atual.DEVOLUCAO       ; 0                         ; 1                      ; 0                            ; 0                          ; 1                   ;
; estado_atual.ERRO_ESTOQUE    ; 1                         ; 0                      ; 0                            ; 0                          ; 1                   ;
+------------------------------+---------------------------+------------------------+------------------------------+----------------------------+---------------------+


+-------------------------------------------------------------------------------------+
; Registers Removed During Synthesis                                                  ;
+--------------------------------------------+----------------------------------------+
; Register name                              ; Reason for Removal                     ;
+--------------------------------------------+----------------------------------------+
; datapath:U_BLOCO_DADOS|estq_ouro_branco[3] ; Stuck at GND due to stuck port data_in ;
; datapath:U_BLOCO_DADOS|estq_sonho_valsa[3] ; Stuck at GND due to stuck port data_in ;
; datapath:U_BLOCO_DADOS|estq_kitkat[3]      ; Stuck at GND due to stuck port data_in ;
; datapath:U_BLOCO_DADOS|estq_mms[3]         ; Stuck at GND due to stuck port data_in ;
; datapath:U_BLOCO_DADOS|estq_bis_extra[3]   ; Stuck at GND due to stuck port data_in ;
; datapath:U_BLOCO_DADOS|estq_bis_caixa[3]   ; Stuck at GND due to stuck port data_in ;
; Total Number of Removed Registers = 6      ;                                        ;
+--------------------------------------------+----------------------------------------+


+------------------------------------------------------+
; General Register Statistics                          ;
+----------------------------------------------+-------+
; Statistic                                    ; Value ;
+----------------------------------------------+-------+
; Total registers                              ; 220   ;
; Number of registers using Synchronous Clear  ; 64    ;
; Number of registers using Synchronous Load   ; 84    ;
; Number of registers using Asynchronous Clear ; 220   ;
; Number of registers using Asynchronous Load  ; 0     ;
; Number of registers using Clock Enable       ; 10    ;
; Number of registers using Preset             ; 0     ;
+----------------------------------------------+-------+


+------------------------------------------------------+
; Inverted Register Statistics                         ;
+--------------------------------------------+---------+
; Inverted Register                          ; Fan out ;
+--------------------------------------------+---------+
; datapath:U_BLOCO_DADOS|estq_snickers[3]    ; 2       ;
; datapath:U_BLOCO_DADOS|estq_snickers[1]    ; 4       ;
; datapath:U_BLOCO_DADOS|estq_mms[2]         ; 2       ;
; datapath:U_BLOCO_DADOS|estq_bis_extra[0]   ; 4       ;
; datapath:U_BLOCO_DADOS|estq_bis_caixa[2]   ; 2       ;
; datapath:U_BLOCO_DADOS|estq_bis_caixa[1]   ; 3       ;
; datapath:U_BLOCO_DADOS|estq_ouro_branco[1] ; 3       ;
; datapath:U_BLOCO_DADOS|estq_ouro_branco[0] ; 4       ;
; datapath:U_BLOCO_DADOS|estq_trident[3]     ; 2       ;
; datapath:U_BLOCO_DADOS|estq_sonho_valsa[2] ; 2       ;
; datapath:U_BLOCO_DADOS|estq_sonho_valsa[0] ; 4       ;
; datapath:U_BLOCO_DADOS|estq_kitkat[1]      ; 3       ;
; Total number of inverted registers = 12    ;         ;
+--------------------------------------------+---------+


+-------------------------------------------------------------------------------------------------------------------------------------------------------------------+
; Multiplexer Restructuring Statistics (Restructuring Performed)                                                                                                    ;
+--------------------+-----------+---------------+----------------------+------------------------+------------+-----------------------------------------------------+
; Multiplexer Inputs ; Bus Width ; Baseline Area ; Area if Restructured ; Saving if Restructured ; Registered ; Example Multiplexer Output                          ;
+--------------------+-----------+---------------+----------------------+------------------------+------------+-----------------------------------------------------+
; 3:1                ; 10 bits   ; 20 LEs        ; 10 LEs               ; 10 LEs                 ; Yes        ; |top_level|datapath:U_BLOCO_DADOS|soma_atual[0]     ;
; 3:1                ; 18 bits   ; 36 LEs        ; 18 LEs               ; 18 LEs                 ; Yes        ; |top_level|debounce:U_FILTRO1|contador[16]          ;
; 3:1                ; 18 bits   ; 36 LEs        ; 18 LEs               ; 18 LEs                 ; Yes        ; |top_level|debounce:U_FILTRO2|contador[2]           ;
; 3:1                ; 18 bits   ; 36 LEs        ; 18 LEs               ; 18 LEs                 ; Yes        ; |top_level|debounce:U_FILTRO3|contador[0]           ;
; 3:1                ; 28 bits   ; 56 LEs        ; 56 LEs               ; 0 LEs                  ; Yes        ; |top_level|led_timer:U_LED_LIBERAR|contador[4]      ;
; 3:1                ; 28 bits   ; 56 LEs        ; 56 LEs               ; 0 LEs                  ; Yes        ; |top_level|led_timer:U_LED_TROCO|contador[20]       ;
; 3:1                ; 28 bits   ; 56 LEs        ; 56 LEs               ; 0 LEs                  ; Yes        ; |top_level|led_timer:U_LED_DEVOLVER|contador[8]     ;
; 3:1                ; 28 bits   ; 56 LEs        ; 56 LEs               ; 0 LEs                  ; Yes        ; |top_level|led_timer:U_LED_SEM_ESTOQUE|contador[25] ;
; 3:1                ; 2 bits    ; 4 LEs         ; 2 LEs                ; 2 LEs                  ; No         ; |top_level|mef:U_CONTROLE|proximo_estado            ;
; 4:1                ; 2 bits    ; 4 LEs         ; 4 LEs                ; 0 LEs                  ; No         ; |top_level|mef:U_CONTROLE|proximo_estado.DEVOLUCAO  ;
; 4:1                ; 2 bits    ; 4 LEs         ; 4 LEs                ; 0 LEs                  ; No         ; |top_level|datapath:U_BLOCO_DADOS|incremento        ;
+--------------------+-----------+---------------+----------------------+------------------------+------------+-----------------------------------------------------+


+-----------------------------------------------------------------+
; Parameter Settings for User Entity Instance: debounce:U_FILTRO1 ;
+----------------+--------+---------------------------------------+
; Parameter Name ; Value  ; Type                                  ;
+----------------+--------+---------------------------------------+
; limite_filtro  ; 250000 ; Signed Integer                        ;
+----------------+--------+---------------------------------------+
Note: In order to hide this table in the UI and the text report file, please set the "Show Parameter Settings in Synthesis Report" option in "Analysis and Synthesis Settings -> More Settings" to "Off".


+-----------------------------------------------------------------+
; Parameter Settings for User Entity Instance: debounce:U_FILTRO2 ;
+----------------+--------+---------------------------------------+
; Parameter Name ; Value  ; Type                                  ;
+----------------+--------+---------------------------------------+
; limite_filtro  ; 250000 ; Signed Integer                        ;
+----------------+--------+---------------------------------------+
Note: In order to hide this table in the UI and the text report file, please set the "Show Parameter Settings in Synthesis Report" option in "Analysis and Synthesis Settings -> More Settings" to "Off".


+-----------------------------------------------------------------+
; Parameter Settings for User Entity Instance: debounce:U_FILTRO3 ;
+----------------+--------+---------------------------------------+
; Parameter Name ; Value  ; Type                                  ;
+----------------+--------+---------------------------------------+
; limite_filtro  ; 250000 ; Signed Integer                        ;
+----------------+--------+---------------------------------------+
Note: In order to hide this table in the UI and the text report file, please set the "Show Parameter Settings in Synthesis Report" option in "Analysis and Synthesis Settings -> More Settings" to "Off".


+----------------------------------------------------------------------+
; Parameter Settings for User Entity Instance: led_timer:U_LED_LIBERAR ;
+----------------+-----------+-----------------------------------------+
; Parameter Name ; Value     ; Type                                    ;
+----------------+-----------+-----------------------------------------+
; tempo_aceso    ; 150000000 ; Signed Integer                          ;
+----------------+-----------+-----------------------------------------+
Note: In order to hide this table in the UI and the text report file, please set the "Show Parameter Settings in Synthesis Report" option in "Analysis and Synthesis Settings -> More Settings" to "Off".


+--------------------------------------------------------------------+
; Parameter Settings for User Entity Instance: led_timer:U_LED_TROCO ;
+----------------+-----------+---------------------------------------+
; Parameter Name ; Value     ; Type                                  ;
+----------------+-----------+---------------------------------------+
; tempo_aceso    ; 150000000 ; Signed Integer                        ;
+----------------+-----------+---------------------------------------+
Note: In order to hide this table in the UI and the text report file, please set the "Show Parameter Settings in Synthesis Report" option in "Analysis and Synthesis Settings -> More Settings" to "Off".


+-----------------------------------------------------------------------+
; Parameter Settings for User Entity Instance: led_timer:U_LED_DEVOLVER ;
+----------------+-----------+------------------------------------------+
; Parameter Name ; Value     ; Type                                     ;
+----------------+-----------+------------------------------------------+
; tempo_aceso    ; 150000000 ; Signed Integer                           ;
+----------------+-----------+------------------------------------------+
Note: In order to hide this table in the UI and the text report file, please set the "Show Parameter Settings in Synthesis Report" option in "Analysis and Synthesis Settings -> More Settings" to "Off".


+--------------------------------------------------------------------------+
; Parameter Settings for User Entity Instance: led_timer:U_LED_SEM_ESTOQUE ;
+----------------+-----------+---------------------------------------------+
; Parameter Name ; Value     ; Type                                        ;
+----------------+-----------+---------------------------------------------+
; tempo_aceso    ; 150000000 ; Signed Integer                              ;
+----------------+-----------+---------------------------------------------+
Note: In order to hide this table in the UI and the text report file, please set the "Show Parameter Settings in Synthesis Report" option in "Analysis and Synthesis Settings -> More Settings" to "Off".


+--------------------------------------------------------------------------------------+
; Parameter Settings for Inferred Entity Instance: display_7seg:U_DISP|lpm_divide:Div0 ;
+------------------------+----------------+--------------------------------------------+
; Parameter Name         ; Value          ; Type                                       ;
+------------------------+----------------+--------------------------------------------+
; LPM_WIDTHN             ; 10             ; Untyped                                    ;
; LPM_WIDTHD             ; 7              ; Untyped                                    ;
; LPM_NREPRESENTATION    ; UNSIGNED       ; Untyped                                    ;
; LPM_DREPRESENTATION    ; UNSIGNED       ; Untyped                                    ;
; LPM_PIPELINE           ; 0              ; Untyped                                    ;
; LPM_REMAINDERPOSITIVE  ; TRUE           ; Untyped                                    ;
; MAXIMIZE_SPEED         ; 5              ; Untyped                                    ;
; CBXI_PARAMETER         ; lpm_divide_dem ; Untyped                                    ;
; CARRY_CHAIN            ; MANUAL         ; Untyped                                    ;
; OPTIMIZE_FOR_SPEED     ; 5              ; Untyped                                    ;
; AUTO_CARRY_CHAINS      ; ON             ; AUTO_CARRY                                 ;
; IGNORE_CARRY_BUFFERS   ; OFF            ; IGNORE_CARRY                               ;
; AUTO_CASCADE_CHAINS    ; ON             ; AUTO_CASCADE                               ;
; IGNORE_CASCADE_BUFFERS ; OFF            ; IGNORE_CASCADE                             ;
+------------------------+----------------+--------------------------------------------+
Note: In order to hide this table in the UI and the text report file, please set the "Show Parameter Settings in Synthesis Report" option in "Analysis and Synthesis Settings -> More Settings" to "Off".


+--------------------------------------------------------------------------------------+
; Parameter Settings for Inferred Entity Instance: display_7seg:U_DISP|lpm_divide:Mod0 ;
+------------------------+----------------+--------------------------------------------+
; Parameter Name         ; Value          ; Type                                       ;
+------------------------+----------------+--------------------------------------------+
; LPM_WIDTHN             ; 10             ; Untyped                                    ;
; LPM_WIDTHD             ; 10             ; Untyped                                    ;
; LPM_NREPRESENTATION    ; UNSIGNED       ; Untyped                                    ;
; LPM_DREPRESENTATION    ; UNSIGNED       ; Untyped                                    ;
; LPM_PIPELINE           ; 0              ; Untyped                                    ;
; LPM_REMAINDERPOSITIVE  ; TRUE           ; Untyped                                    ;
; MAXIMIZE_SPEED         ; 5              ; Untyped                                    ;
; CBXI_PARAMETER         ; lpm_divide_q7m ; Untyped                                    ;
; CARRY_CHAIN            ; MANUAL         ; Untyped                                    ;
; OPTIMIZE_FOR_SPEED     ; 5              ; Untyped                                    ;
; AUTO_CARRY_CHAINS      ; ON             ; AUTO_CARRY                                 ;
; IGNORE_CARRY_BUFFERS   ; OFF            ; IGNORE_CARRY                               ;
; AUTO_CASCADE_CHAINS    ; ON             ; AUTO_CASCADE                               ;
; IGNORE_CASCADE_BUFFERS ; OFF            ; IGNORE_CASCADE                             ;
+------------------------+----------------+--------------------------------------------+
Note: In order to hide this table in the UI and the text report file, please set the "Show Parameter Settings in Synthesis Report" option in "Analysis and Synthesis Settings -> More Settings" to "Off".


+--------------------------------------------------------------------------------------+
; Parameter Settings for Inferred Entity Instance: display_7seg:U_DISP|lpm_divide:Div1 ;
+------------------------+----------------+--------------------------------------------+
; Parameter Name         ; Value          ; Type                                       ;
+------------------------+----------------+--------------------------------------------+
; LPM_WIDTHN             ; 10             ; Untyped                                    ;
; LPM_WIDTHD             ; 4              ; Untyped                                    ;
; LPM_NREPRESENTATION    ; UNSIGNED       ; Untyped                                    ;
; LPM_DREPRESENTATION    ; UNSIGNED       ; Untyped                                    ;
; LPM_PIPELINE           ; 0              ; Untyped                                    ;
; LPM_REMAINDERPOSITIVE  ; TRUE           ; Untyped                                    ;
; MAXIMIZE_SPEED         ; 5              ; Untyped                                    ;
; CBXI_PARAMETER         ; lpm_divide_aem ; Untyped                                    ;
; CARRY_CHAIN            ; MANUAL         ; Untyped                                    ;
; OPTIMIZE_FOR_SPEED     ; 5              ; Untyped                                    ;
; AUTO_CARRY_CHAINS      ; ON             ; AUTO_CARRY                                 ;
; IGNORE_CARRY_BUFFERS   ; OFF            ; IGNORE_CARRY                               ;
; AUTO_CASCADE_CHAINS    ; ON             ; AUTO_CASCADE                               ;
; IGNORE_CASCADE_BUFFERS ; OFF            ; IGNORE_CASCADE                             ;
+------------------------+----------------+--------------------------------------------+
Note: In order to hide this table in the UI and the text report file, please set the "Show Parameter Settings in Synthesis Report" option in "Analysis and Synthesis Settings -> More Settings" to "Off".


+--------------------------------------------------------------------------------------+
; Parameter Settings for Inferred Entity Instance: display_7seg:U_DISP|lpm_divide:Mod1 ;
+------------------------+----------------+--------------------------------------------+
; Parameter Name         ; Value          ; Type                                       ;
+------------------------+----------------+--------------------------------------------+
; LPM_WIDTHN             ; 10             ; Untyped                                    ;
; LPM_WIDTHD             ; 10             ; Untyped                                    ;
; LPM_NREPRESENTATION    ; UNSIGNED       ; Untyped                                    ;
; LPM_DREPRESENTATION    ; UNSIGNED       ; Untyped                                    ;
; LPM_PIPELINE           ; 0              ; Untyped                                    ;
; LPM_REMAINDERPOSITIVE  ; TRUE           ; Untyped                                    ;
; MAXIMIZE_SPEED         ; 5              ; Untyped                                    ;
; CBXI_PARAMETER         ; lpm_divide_q7m ; Untyped                                    ;
; CARRY_CHAIN            ; MANUAL         ; Untyped                                    ;
; OPTIMIZE_FOR_SPEED     ; 5              ; Untyped                                    ;
; AUTO_CARRY_CHAINS      ; ON             ; AUTO_CARRY                                 ;
; IGNORE_CARRY_BUFFERS   ; OFF            ; IGNORE_CARRY                               ;
; AUTO_CASCADE_CHAINS    ; ON             ; AUTO_CASCADE                               ;
; IGNORE_CASCADE_BUFFERS ; OFF            ; IGNORE_CASCADE                             ;
+------------------------+----------------+--------------------------------------------+
Note: In order to hide this table in the UI and the text report file, please set the "Show Parameter Settings in Synthesis Report" option in "Analysis and Synthesis Settings -> More Settings" to "Off".


+-----------------------------------------------------------------------------------------------------------------------+
; Port Connectivity Checks: "datapath:U_BLOCO_DADOS"                                                                    ;
+-------------+--------+----------+-------------------------------------------------------------------------------------+
; Port        ; Type   ; Severity ; Details                                                                             ;
+-------------+--------+----------+-------------------------------------------------------------------------------------+
; troco_saida ; Output ; Info     ; Connected to dangling logic. Logic that only feeds a dangling port will be removed. ;
+-------------+--------+----------+-------------------------------------------------------------------------------------+


+-------------------------------+
; Elapsed Time Per Partition    ;
+----------------+--------------+
; Partition Name ; Elapsed Time ;
+----------------+--------------+
; Top            ; 00:00:01     ;
+----------------+--------------+


+-------------------------------+
; Analysis & Synthesis Messages ;
+-------------------------------+
Info: *******************************************************************
Info: Running Quartus II 32-bit Analysis & Synthesis
    Info: Version 13.0.1 Build 232 06/12/2013 Service Pack 1 SJ Web Edition
    Info: Processing started: Wed Jul 01 09:56:04 2026
Info: Command: quartus_map --read_settings_files=on --write_settings_files=off top_level -c top_level
Warning (20028): Parallel compilation is not licensed and has been disabled
Info (12021): Found 2 design units, including 1 entities, in source file /codigos/debounce.vhd
    Info (12022): Found design unit 1: debounce-comportamento
    Info (12023): Found entity 1: debounce
Info (12021): Found 2 design units, including 1 entities, in source file /codigos/datapath.vhd
    Info (12022): Found design unit 1: datapath-comportamento
    Info (12023): Found entity 1: datapath
Info (12021): Found 2 design units, including 1 entities, in source file /codigos/mef.vhd
    Info (12022): Found design unit 1: mef-comportamento
    Info (12023): Found entity 1: mef
Info (12021): Found 2 design units, including 1 entities, in source file /codigos/display_7seg.vhd
    Info (12022): Found design unit 1: display_7seg-comportamento
    Info (12023): Found entity 1: display_7seg
Info (12021): Found 2 design units, including 1 entities, in source file /codigos/led_timer.vhd
    Info (12022): Found design unit 1: led_timer-comportamento
    Info (12023): Found entity 1: led_timer
Info (12021): Found 2 design units, including 1 entities, in source file /codigos/top_level.vhd
    Info (12022): Found design unit 1: top_level-comportamento
    Info (12023): Found entity 1: top_level
Info (12127): Elaborating entity "top_level" for the top level hierarchy
Info (12128): Elaborating entity "debounce" for hierarchy "debounce:U_FILTRO1"
Info (12128): Elaborating entity "datapath" for hierarchy "datapath:U_BLOCO_DADOS"
Info (12128): Elaborating entity "mef" for hierarchy "mef:U_CONTROLE"
Info (12128): Elaborating entity "led_timer" for hierarchy "led_timer:U_LED_LIBERAR"
Info (12128): Elaborating entity "display_7seg" for hierarchy "display_7seg:U_DISP"
Info (278001): Inferred 4 megafunctions from design logic
    Info (278004): Inferred divider/modulo megafunction ("lpm_divide") from the following logic: "display_7seg:U_DISP|Div0"
    Info (278004): Inferred divider/modulo megafunction ("lpm_divide") from the following logic: "display_7seg:U_DISP|Mod0"
    Info (278004): Inferred divider/modulo megafunction ("lpm_divide") from the following logic: "display_7seg:U_DISP|Div1"
    Info (278004): Inferred divider/modulo megafunction ("lpm_divide") from the following logic: "display_7seg:U_DISP|Mod1"
Info (12130): Elaborated megafunction instantiation "display_7seg:U_DISP|lpm_divide:Div0"
Info (12133): Instantiated megafunction "display_7seg:U_DISP|lpm_divide:Div0" with the following parameter:
    Info (12134): Parameter "LPM_WIDTHN" = "10"
    Info (12134): Parameter "LPM_WIDTHD" = "7"
    Info (12134): Parameter "LPM_NREPRESENTATION" = "UNSIGNED"
    Info (12134): Parameter "LPM_DREPRESENTATION" = "UNSIGNED"
Info (12021): Found 1 design units, including 1 entities, in source file db/lpm_divide_dem.tdf
    Info (12023): Found entity 1: lpm_divide_dem
Info (12021): Found 1 design units, including 1 entities, in source file db/sign_div_unsign_nlh.tdf
    Info (12023): Found entity 1: sign_div_unsign_nlh
Info (12021): Found 1 design units, including 1 entities, in source file db/alt_u_div_g2f.tdf
    Info (12023): Found entity 1: alt_u_div_g2f
Info (12021): Found 1 design units, including 1 entities, in source file db/add_sub_lkc.tdf
    Info (12023): Found entity 1: add_sub_lkc
Info (12021): Found 1 design units, including 1 entities, in source file db/add_sub_mkc.tdf
    Info (12023): Found entity 1: add_sub_mkc
Info (12130): Elaborated megafunction instantiation "display_7seg:U_DISP|lpm_divide:Mod0"
Info (12133): Instantiated megafunction "display_7seg:U_DISP|lpm_divide:Mod0" with the following parameter:
    Info (12134): Parameter "LPM_WIDTHN" = "10"
    Info (12134): Parameter "LPM_WIDTHD" = "10"
    Info (12134): Parameter "LPM_NREPRESENTATION" = "UNSIGNED"
    Info (12134): Parameter "LPM_DREPRESENTATION" = "UNSIGNED"
Info (12021): Found 1 design units, including 1 entities, in source file db/lpm_divide_q7m.tdf
    Info (12023): Found entity 1: lpm_divide_q7m
Info (12021): Found 1 design units, including 1 entities, in source file db/sign_div_unsign_1nh.tdf
    Info (12023): Found entity 1: sign_div_unsign_1nh
Info (12021): Found 1 design units, including 1 entities, in source file db/alt_u_div_45f.tdf
    Info (12023): Found entity 1: alt_u_div_45f
Info (12130): Elaborated megafunction instantiation "display_7seg:U_DISP|lpm_divide:Div1"
Info (12133): Instantiated megafunction "display_7seg:U_DISP|lpm_divide:Div1" with the following parameter:
    Info (12134): Parameter "LPM_WIDTHN" = "10"
    Info (12134): Parameter "LPM_WIDTHD" = "4"
    Info (12134): Parameter "LPM_NREPRESENTATION" = "UNSIGNED"
    Info (12134): Parameter "LPM_DREPRESENTATION" = "UNSIGNED"
Info (12021): Found 1 design units, including 1 entities, in source file db/lpm_divide_aem.tdf
    Info (12023): Found entity 1: lpm_divide_aem
Info (12021): Found 1 design units, including 1 entities, in source file db/sign_div_unsign_klh.tdf
    Info (12023): Found entity 1: sign_div_unsign_klh
Info (12021): Found 1 design units, including 1 entities, in source file db/alt_u_div_a2f.tdf
    Info (12023): Found entity 1: alt_u_div_a2f
Info (12130): Elaborated megafunction instantiation "display_7seg:U_DISP|lpm_divide:Mod1"
Info (12133): Instantiated megafunction "display_7seg:U_DISP|lpm_divide:Mod1" with the following parameter:
    Info (12134): Parameter "LPM_WIDTHN" = "10"
    Info (12134): Parameter "LPM_WIDTHD" = "10"
    Info (12134): Parameter "LPM_NREPRESENTATION" = "UNSIGNED"
    Info (12134): Parameter "LPM_DREPRESENTATION" = "UNSIGNED"
Info (13000): Registers with preset signals will power-up high
Info (13003): DEV_CLRn pin will set, and not reset, register with preset signal due to NOT Gate Push-Back
Info (16010): Generating hard_block partition "hard_block:auto_generated_inst"
    Info (16011): Adding 0 node(s), including 0 DDIO, 0 PLL, 0 transceiver and 0 LCELL
Info (21057): Implemented 854 device resources after synthesis - the final resource count might be different
    Info (21058): Implemented 11 input pins
    Info (21059): Implemented 25 output pins
    Info (21061): Implemented 818 logic cells
Info: Quartus II 32-bit Analysis & Synthesis was successful. 0 errors, 1 warning
    Info: Peak virtual memory: 418 megabytes
    Info: Processing ended: Wed Jul 01 09:56:07 2026
    Info: Elapsed time: 00:00:03
    Info: Total CPU time (on all processors): 00:00:03


